// Jest Snapshot v1, https://goo.gl/fbAQLP

exports[`Validar bot√£o snapshot 1`] = `
<button>
  Enviar
</button>
`;
